[2026-04-21 11:21:29,051: INFO: main: Welcome to ML Batch P logs]
[2026-04-24 11:02:51,364: INFO: main: Welcome to ML Batch P logs]
[2026-04-24 11:12:58,793: INFO: common: YAML file config\config.yaml loaded successfully]
[2026-04-24 11:12:58,823: INFO: common: YAML file params.yaml loaded successfully]
[2026-04-24 11:12:58,827: INFO: common: created directory at: artifacts]
[2026-04-24 11:12:58,832: INFO: common: created directory at: artifacts/data_ingestion]
[2026-04-24 11:16:54,759: INFO: common: YAML file config\config.yaml loaded successfully]
[2026-04-24 11:16:54,765: INFO: common: YAML file params.yaml loaded successfully]
[2026-04-24 11:16:54,769: INFO: common: created directory at: artifacts]
[2026-04-24 11:16:54,771: INFO: common: created directory at: artifacts/data_ingestion]
[2026-04-24 11:16:56,277: INFO: 4215809056: artifacts/data_ingestion/data.zip download! with following info: 
Connection: close
Content-Length: 11616915
Cache-Control: max-age=300
Content-Security-Policy: default-src 'none'; style-src 'unsafe-inline'; sandbox
Content-Type: application/zip
ETag: "adf745abc03891fe493c3be264ec012691fe3fa21d861f35a27edbe6d86a76b1"
Strict-Transport-Security: max-age=31536000
X-Content-Type-Options: nosniff
X-Frame-Options: deny
X-XSS-Protection: 1; mode=block
X-GitHub-Request-Id: 808A:65C32:BD1E6A:E52CCA:69EB03CC
Accept-Ranges: bytes
Date: Fri, 24 Apr 2026 05:46:55 GMT
Via: 1.1 varnish
X-Served-By: cache-del-vibw2260036-DEL
X-Cache: MISS
X-Cache-Hits: 0
X-Timer: S1777009614.310121,VS0,VE872
Vary: Authorization,Accept-Encoding
Access-Control-Allow-Origin: *
Cross-Origin-Resource-Policy: cross-origin
X-Fastly-Request-ID: b12a0a28357004590bacc53d677e283540a38568
Expires: Fri, 24 Apr 2026 05:51:55 GMT
Source-Age: 1

]
[2026-04-24 22:32:06,977: INFO: main: >>>>>> Data Ingestion Stage started <<<<<<]
[2026-04-24 22:32:06,977: INFO: common: YAML file config\config.yaml loaded successfully]
[2026-04-24 22:32:06,987: INFO: common: YAML file params.yaml loaded successfully]
[2026-04-24 22:32:06,989: INFO: common: created directory at: artifacts]
[2026-04-24 22:32:06,989: INFO: common: created directory at: artifacts/data_ingestion]
[2026-04-24 22:32:06,989: INFO: data_ingestion: File already exists of size: ~ 11345 KB]
[2026-04-24 22:32:07,606: INFO: main: >>>>>> Data Ingestion Stage completed <<<<<<

x==========x]
